// Jest Snapshot v1, https://goo.gl/fbAQLP

exports[`Transaction component should match snapshot 1`] = `
Object {
  "asFragment": [Function],
  "baseElement": <body>
    <div>
      <div
        class="MuiGrid-root makeStyles-container-14 MuiGrid-container MuiGrid-spacing-xs-2"
      >
        <div
          class="MuiGrid-root MuiGrid-item MuiGrid-grid-xs-12"
        >
          <div
            class="MuiBox-root MuiBox-root-23"
          >
            <span
              class="MuiTypography-root makeStyles-date-16 MuiTypography-caption"
              data-testid="date"
            >
              June 23
            </span>
          </div>
          <div
            class="MuiBox-root MuiBox-root-24 makeStyles-rowContent-15"
          >
            <div
              class="MuiGrid-root MuiGrid-item MuiGrid-align-items-xs-center MuiGrid-grid-xs-2"
            >
              <img
                class="makeStyles-statusIcon-18"
                data-testid="status"
                src="check-line.svg"
              />
            </div>
            <div
              class="MuiGrid-root MuiGrid-item MuiGrid-grid-xs-10"
            >
              <div
                class="MuiBox-root MuiBox-root-25"
              >
                <p
                  class="MuiTypography-root makeStyles-coin-17 MuiTypography-body1"
                  data-testid="currency"
                >
                  Bitcoin
                   
                  BTC
                </p>
                <div
                  class="MuiChip-root makeStyles-chip-19 MuiChip-sizeSmall"
                >
                  <span
                    class="MuiChip-label MuiChip-labelSmall"
                  >
                    Sold
                  </span>
                </div>
              </div>
            </div>
            <div
              class="MuiGrid-root MuiGrid-item MuiGrid-grid-xs-3"
            >
              <div
                class="MuiBox-root MuiBox-root-26 makeStyles-columnContent-22"
                style="align-items: flex-end;"
              >
                <p
                  class="MuiTypography-root makeStyles-coinAmount-20 MuiTypography-body1"
                >
                  -0.0234510
                  BTC
                </p>
                <span
                  class="MuiTypography-root makeStyles-price-21 MuiTypography-caption"
                >
                  +$34,000.00
                </span>
              </div>
            </div>
          </div>
        </div>
      </div>
    </div>
  </body>,
  "container": <div>
    <div
      class="MuiGrid-root makeStyles-container-14 MuiGrid-container MuiGrid-spacing-xs-2"
    >
      <div
        class="MuiGrid-root MuiGrid-item MuiGrid-grid-xs-12"
      >
        <div
          class="MuiBox-root MuiBox-root-23"
        >
          <span
            class="MuiTypography-root makeStyles-date-16 MuiTypography-caption"
            data-testid="date"
          >
            June 23
          </span>
        </div>
        <div
          class="MuiBox-root MuiBox-root-24 makeStyles-rowContent-15"
        >
          <div
            class="MuiGrid-root MuiGrid-item MuiGrid-align-items-xs-center MuiGrid-grid-xs-2"
          >
            <img
              class="makeStyles-statusIcon-18"
              data-testid="status"
              src="check-line.svg"
            />
          </div>
          <div
            class="MuiGrid-root MuiGrid-item MuiGrid-grid-xs-10"
          >
            <div
              class="MuiBox-root MuiBox-root-25"
            >
              <p
                class="MuiTypography-root makeStyles-coin-17 MuiTypography-body1"
                data-testid="currency"
              >
                Bitcoin
                 
                BTC
              </p>
              <div
                class="MuiChip-root makeStyles-chip-19 MuiChip-sizeSmall"
              >
                <span
                  class="MuiChip-label MuiChip-labelSmall"
                >
                  Sold
                </span>
              </div>
            </div>
          </div>
          <div
            class="MuiGrid-root MuiGrid-item MuiGrid-grid-xs-3"
          >
            <div
              class="MuiBox-root MuiBox-root-26 makeStyles-columnContent-22"
              style="align-items: flex-end;"
            >
              <p
                class="MuiTypography-root makeStyles-coinAmount-20 MuiTypography-body1"
              >
                -0.0234510
                BTC
              </p>
              <span
                class="MuiTypography-root makeStyles-price-21 MuiTypography-caption"
              >
                +$34,000.00
              </span>
            </div>
          </div>
        </div>
      </div>
    </div>
  </div>,
  "debug": [Function],
  "findAllByAltText": [Function],
  "findAllByDisplayValue": [Function],
  "findAllByLabelText": [Function],
  "findAllByPlaceholderText": [Function],
  "findAllByRole": [Function],
  "findAllByTestId": [Function],
  "findAllByText": [Function],
  "findAllByTitle": [Function],
  "findByAltText": [Function],
  "findByDisplayValue": [Function],
  "findByLabelText": [Function],
  "findByPlaceholderText": [Function],
  "findByRole": [Function],
  "findByTestId": [Function],
  "findByText": [Function],
  "findByTitle": [Function],
  "getAllByAltText": [Function],
  "getAllByDisplayValue": [Function],
  "getAllByLabelText": [Function],
  "getAllByPlaceholderText": [Function],
  "getAllByRole": [Function],
  "getAllByTestId": [Function],
  "getAllByText": [Function],
  "getAllByTitle": [Function],
  "getByAltText": [Function],
  "getByDisplayValue": [Function],
  "getByLabelText": [Function],
  "getByPlaceholderText": [Function],
  "getByRole": [Function],
  "getByTestId": [Function],
  "getByText": [Function],
  "getByTitle": [Function],
  "queryAllByAltText": [Function],
  "queryAllByDisplayValue": [Function],
  "queryAllByLabelText": [Function],
  "queryAllByPlaceholderText": [Function],
  "queryAllByRole": [Function],
  "queryAllByTestId": [Function],
  "queryAllByText": [Function],
  "queryAllByTitle": [Function],
  "queryByAltText": [Function],
  "queryByDisplayValue": [Function],
  "queryByLabelText": [Function],
  "queryByPlaceholderText": [Function],
  "queryByRole": [Function],
  "queryByTestId": [Function],
  "queryByText": [Function],
  "queryByTitle": [Function],
  "rerender": [Function],
  "unmount": [Function],
}
`;
